#
# There is insufficient memory for the Java Runtime Environment to continue.
# Native memory allocation (mmap) failed to map 134217728 bytes. Error detail: G1 virtual space
# Possible reasons:
#   The system is out of physical RAM or swap space
#   This process is running with CompressedOops enabled, and the Java Heap may be blocking the growth of the native heap
# Possible solutions:
#   Reduce memory load on the system
#   Increase physical memory or swap space
#   Check if swap backing store is full
#   Decrease Java heap size (-Xmx/-Xms)
#   Decrease number of Java threads
#   Decrease Java thread stack sizes (-Xss)
#   Set larger code cache with -XX:ReservedCodeCacheSize=
#   JVM is running with Unscaled Compressed Oops mode in which the Java heap is
#     placed in the first 4GB address space. The Java Heap base address is the
#     maximum limit for the native heap growth. Please use -XX:HeapBaseMinAddress
#     to set the Java Heap base and to place the Java Heap above 4GB virtual address.
# This output file may be truncated or incomplete.
#
#  Out of Memory Error (os_windows.cpp:3898), pid=5408, tid=7616
#
# JRE version:  (21.0.7+9) (build )
# Java VM: OpenJDK 64-Bit Server VM (21.0.7+9-b895.130, mixed mode, sharing, tiered, compressed oops, compressed class ptrs, g1 gc, windows-amd64)
# No core dump will be written. Minidumps are not enabled by default on client versions of Windows
#

---------------  S U M M A R Y ------------

Command Line: git4idea.http.GitAskPassApp Username for 'https://github.com': 

Host: Intel(R) Core(TM) i5 CPU         650  @ 3.20GHz, 4 cores, 7G,  Windows 10 , 64 bit Build 14393 (10.0.14393.9234)
Time: Tue Jul  7 07:41:02 2026 H. Padrão Leste América do Sul elapsed time: 0.016031 seconds (0d 0h 0m 0s)

---------------  T H R E A D  ---------------

Current thread (0x000001de396cd390):  JavaThread "Unknown thread" [_thread_in_vm, id=7616, stack(0x0000008e2d000000,0x0000008e2d100000) (1024K)]

Stack: [0x0000008e2d000000,0x0000008e2d100000]
Native frames: (J=compiled Java code, j=interpreted, Vv=VM code, C=native code)
V  [jvm.dll+0x6e6049]
V  [jvm.dll+0x8c4343]
V  [jvm.dll+0x8c689e]
V  [jvm.dll+0x8c6f83]
V  [jvm.dll+0x289266]
V  [jvm.dll+0x6e28c5]
V  [jvm.dll+0x6d634a]
V  [jvm.dll+0x36388b]
V  [jvm.dll+0x36b456]
V  [jvm.dll+0x3bd7e6]
V  [jvm.dll+0x3bdab8]
V  [jvm.dll+0x335fdc]
V  [jvm.dll+0x336ccb]
V  [jvm.dll+0x88b7a9]
V  [jvm.dll+0x3ca9b8]
V  [jvm.dll+0x8747f8]
V  [jvm.dll+0x45f3ce]
V  [jvm.dll+0x4610b1]
C  [jli.dll+0x52ab]
C  [ucrtbase.dll+0x1fb80]
C  [KERNEL32.DLL+0x84d4]
C  [ntdll.dll+0x51d71]


---------------  P R O C E S S  ---------------

Threads class SMR info:
_java_thread_list=0x00007ffc3d01b148, length=0, elements={
}

Java Threads: ( => current thread )
Total: 0

Other Threads:
  0x000001de39721590 WorkerThread "GC Thread#0"                     [id=3940, stack(0x0000008e2d100000,0x0000008e2d200000) (1024K)]
  0x000001de397324e0 ConcurrentGCThread "G1 Main Marker"            [id=9568, stack(0x0000008e2d200000,0x0000008e2d300000) (1024K)]
  0x000001de397343b0 WorkerThread "G1 Conc#0"                       [id=3028, stack(0x0000008e2d300000,0x0000008e2d400000) (1024K)]

[error occurred during error reporting (printing all threads), id 0xc0000005, EXCEPTION_ACCESS_VIOLATION (0xc0000005) at pc=0x00007ffc3c7090b7]
VM state: not at safepoint (not fully initialized)

VM Mutex/Monitor currently owned by a thread:  ([mutex/lock_event])
[0x00007ffc3d08fab8] Heap_lock - owner thread: 0x000001de396cd390

Heap address: 0x0000000081200000, size: 2030 MB, Compressed Oops mode: 32-bit

CDS archive(s) mapped at: [0x0000000000000000-0x0000000000000000-0x0000000000000000), size 0, SharedBaseAddress: 0x0000000800000000, ArchiveRelocationMode: 1.
Narrow klass base: 0x0000000000000000, Narrow klass shift: 0, Narrow klass range: 0x0

GC Precious Log:
 CardTable entry size: 512
 Card Set container configuration: InlinePtr #cards 5 size 8 Array Of Cards #cards 12 size 40 Howl #buckets 4 coarsen threshold 1843 Howl Bitmap #cards 512 size 80 coarsen threshold 460 Card regions per heap region 1 cards per card region 2048

Heap:
 garbage-first heap   total 0K, used 0K [0x0000000081200000, 0x0000000100000000)
  region size 1024K, 0 young (0K), 0 survivors (0K)
 Metaspace       used 0K, committed 0K, reserved 0K
  class space    used 0K, committed 0K, reserved 0K

Heap Regions: E=young(eden), S=young(survivor), O=old, HS=humongous(starts), HC=humongous(continues), CS=collection set, F=free, TAMS=top-at-mark-start, PB=parsable bottom

Card table byte_map: [0x000001de4cb20000,0x000001de4cf20000] _byte_map_base: 0x000001de4c717000

Marking Bits: (CMBitMap*) 0x000001de39721c90
 Bits: [0x000001de4cf20000, 0x000001de4eed8000)

GC Heap History (0 events):
No events

Dll operation events (1 events):
Event: 0.006 Loaded shared library C:\Program Files\JetBrains\IntelliJ IDEA Community Edition 2025.1.3\jbr\bin\java.dll

Deoptimization events (0 events):
No events

Classes loaded (0 events):
No events

Classes unloaded (0 events):
No events

Classes redefined (0 events):
No events

Internal exceptions (0 events):
No events

ZGC Phase Switch (0 events):
No events

VM Operations (0 events):
No events

Memory protections (0 events):
No events

Nmethod flushes (0 events):
No events

Events (0 events):
No events


Dynamic libraries:
0x00007ff6a69c0000 - 0x00007ff6a69ca000 	C:\Program Files\JetBrains\IntelliJ IDEA Community Edition 2025.1.3\jbr\bin\java.exe
0x00007ffc6d460000 - 0x00007ffc6d631000 	C:\Windows\SYSTEM32\ntdll.dll
0x00007ffc6c6d0000 - 0x00007ffc6c77d000 	C:\Windows\System32\KERNEL32.DLL
0x00007ffc69f80000 - 0x00007ffc6a19e000 	C:\Windows\System32\KERNELBASE.dll
0x00007ffc6a8b0000 - 0x00007ffc6a9a4000 	C:\Windows\System32\ucrtbase.dll
0x00007ffc59190000 - 0x00007ffc591a8000 	C:\Program Files\JetBrains\IntelliJ IDEA Community Edition 2025.1.3\jbr\bin\jli.dll
0x00007ffc5d130000 - 0x00007ffc5d14b000 	C:\Program Files\JetBrains\IntelliJ IDEA Community Edition 2025.1.3\jbr\bin\VCRUNTIME140.dll
0x00007ffc6c4b0000 - 0x00007ffc6c616000 	C:\Windows\System32\USER32.dll
0x00007ffc6a9b0000 - 0x00007ffc6a9ce000 	C:\Windows\System32\win32u.dll
0x00007ffc6c690000 - 0x00007ffc6c6c4000 	C:\Windows\System32\GDI32.dll
0x00007ffc69df0000 - 0x00007ffc69f74000 	C:\Windows\System32\gdi32full.dll
0x00007ffc63870000 - 0x00007ffc63aea000 	C:\Windows\WinSxS\amd64_microsoft.windows.common-controls_6595b64144ccf1df_6.0.14393.8957_none_7ddfefb083425c7d\COMCTL32.dll
0x00007ffc6cf40000 - 0x00007ffc6cfde000 	C:\Windows\System32\msvcrt.dll
0x00007ffc6a9d0000 - 0x00007ffc6ac97000 	C:\Windows\System32\combase.dll
0x00007ffc6cb10000 - 0x00007ffc6cc2b000 	C:\Windows\System32\RPCRT4.dll
0x00007ffc69d80000 - 0x00007ffc69dec000 	C:\Windows\System32\bcryptPrimitives.dll
0x00007ffc6cdd0000 - 0x00007ffc6cdfe000 	C:\Windows\System32\IMM32.DLL
0x00007ffc5d150000 - 0x00007ffc5d15c000 	C:\Program Files\JetBrains\IntelliJ IDEA Community Edition 2025.1.3\jbr\bin\vcruntime140_1.dll
0x00007ffc3b9e0000 - 0x00007ffc3ba6d000 	C:\Program Files\JetBrains\IntelliJ IDEA Community Edition 2025.1.3\jbr\bin\msvcp140.dll
0x00007ffc3c3c0000 - 0x00007ffc3d181000 	C:\Program Files\JetBrains\IntelliJ IDEA Community Edition 2025.1.3\jbr\bin\server\jvm.dll
0x00007ffc6c780000 - 0x00007ffc6c828000 	C:\Windows\System32\ADVAPI32.dll
0x00007ffc6c830000 - 0x00007ffc6c88d000 	C:\Windows\System32\sechost.dll
0x00007ffc6a1a0000 - 0x00007ffc6a1cb000 	C:\Windows\System32\bcrypt.dll
0x00007ffc69870000 - 0x00007ffc698bc000 	C:\Windows\System32\POWRPROF.dll
0x00007ffc6c310000 - 0x00007ffc6c37a000 	C:\Windows\System32\WS2_32.dll
0x00007ffc67950000 - 0x00007ffc67973000 	C:\Windows\SYSTEM32\WINMM.dll
0x00007ffc64110000 - 0x00007ffc6411a000 	C:\Windows\SYSTEM32\VERSION.dll
0x00007ffc67920000 - 0x00007ffc6794b000 	C:\Windows\SYSTEM32\WINMMBASE.dll
0x00007ffc69d30000 - 0x00007ffc69d72000 	C:\Windows\System32\cfgmgr32.dll
0x00007ffc69860000 - 0x00007ffc6986f000 	C:\Windows\System32\kernel.appcore.dll
0x00007ffc5d120000 - 0x00007ffc5d12a000 	C:\Program Files\JetBrains\IntelliJ IDEA Community Edition 2025.1.3\jbr\bin\jimage.dll
0x00007ffc63b90000 - 0x00007ffc63d22000 	C:\Windows\SYSTEM32\DBGHELP.DLL
0x00007ffc5d0f0000 - 0x00007ffc5d119000 	C:\Windows\SYSTEM32\dbgcore.DLL
0x00007ffc5d0d0000 - 0x00007ffc5d0f0000 	C:\Program Files\JetBrains\IntelliJ IDEA Community Edition 2025.1.3\jbr\bin\java.dll

dbghelp: loaded successfully - version: 4.0.5 - missing functions: none
symbol engine: initialized successfully - sym options: 0x614 - pdb path: .;C:\Program Files\JetBrains\IntelliJ IDEA Community Edition 2025.1.3\jbr\bin;C:\Windows\SYSTEM32;C:\Windows\WinSxS\amd64_microsoft.windows.common-controls_6595b64144ccf1df_6.0.14393.8957_none_7ddfefb083425c7d;C:\Program Files\JetBrains\IntelliJ IDEA Community Edition 2025.1.3\jbr\bin\server

VM Arguments:
java_command: git4idea.http.GitAskPassApp Username for 'https://github.com': 
java_class_path (initial): C:/Program Files/JetBrains/IntelliJ IDEA Community Edition 2025.1.3/plugins/vcs-git/lib/git4idea-rt.jar;C:/Program Files/JetBrains/IntelliJ IDEA Community Edition 2025.1.3/lib/externalProcess-rt.jar
Launcher Type: SUN_STANDARD

[Global flags]
     intx CICompilerCount                          = 3                                         {product} {ergonomic}
     uint ConcGCThreads                            = 1                                         {product} {ergonomic}
     uint G1ConcRefinementThreads                  = 4                                         {product} {ergonomic}
   size_t G1HeapRegionSize                         = 1048576                                   {product} {ergonomic}
    uintx GCDrainStackTargetSize                   = 64                                        {product} {ergonomic}
   size_t InitialHeapSize                          = 134217728                                 {product} {ergonomic}
   size_t MarkStackSize                            = 4194304                                   {product} {ergonomic}
   size_t MaxHeapSize                              = 2128609280                                {product} {ergonomic}
   size_t MinHeapDeltaBytes                        = 1048576                                   {product} {ergonomic}
   size_t MinHeapSize                              = 8388608                                   {product} {ergonomic}
    uintx NonNMethodCodeHeapSize                   = 5832780                                {pd product} {ergonomic}
    uintx NonProfiledCodeHeapSize                  = 122912730                              {pd product} {ergonomic}
    uintx ProfiledCodeHeapSize                     = 122912730                              {pd product} {ergonomic}
    uintx ReservedCodeCacheSize                    = 251658240                              {pd product} {ergonomic}
     bool SegmentedCodeCache                       = true                                      {product} {ergonomic}
   size_t SoftMaxHeapSize                          = 2128609280                             {manageable} {ergonomic}
     bool UseCompressedOops                        = true                           {product lp64_product} {ergonomic}
     bool UseG1GC                                  = true                                      {product} {ergonomic}
     bool UseLargePagesIndividualAllocation        = false                                  {pd product} {ergonomic}

Logging:
Log output configuration:
 #0: stdout all=warning uptime,level,tags foldmultilines=false
 #1: stderr all=off uptime,level,tags foldmultilines=false

Environment Variables:
PATH=C:/Program Files/Git/mingw64/libexec/git-core;C:/Program Files/Git/mingw64/libexec/git-core;C:\Program Files\Git\mingw64\bin;C:\Program Files\Git\usr\bin;C:\Users\ADM\bin;C:\Program Files\Eclipse Adoptium\jdk-8.0.462.8-hotspot\bin;C:\Windows\system32;C:\Windows;C:\Windows\System32\Wbem;C:\Windows\System32\WindowsPowerShell\v1.0\;C:\Program Files\PowerShell\7\;C:\Program Files\Git\cmd;C:\Users\ADM\AppData\Local\Programs\Python\Python313\Scripts\;C:\Users\ADM\AppData\Local\Programs\Python\Python313\;C:\Users\ADM\AppData\Local\Microsoft\WindowsApps;C:\Users\ADM\AppData\Local\GitHubDesktop\bin
USERNAME=ADM
DISPLAY=:0.0
LC_ALL=en_US.UTF-8
TERM=cygwin
TMPDIR=C:\Users\ADM\AppData\Local\Temp
OS=Windows_NT
PROCESSOR_IDENTIFIER=Intel64 Family 6 Model 37 Stepping 5, GenuineIntel
TMP=C:\Users\ADM\AppData\Local\Temp
TEMP=C:\Users\ADM\AppData\Local\Temp




Periodic native trim disabled

JNI global refs:
JNI global refs: 0, weak refs: 0

JNI global refs memory usage: 0, weak refs: 0

Process memory usage:
Resident Set Size: 10532K (0% of 8313968K total physical memory with 1346760K free physical memory)

OOME stack traces (most recent first):
Classloader memory used:

---------------  S Y S T E M  ---------------

OS:
 Windows 10 , 64 bit Build 14393 (10.0.14393.9234)
OS uptime: 4 days 18:27 hours

CPU: total 4 (initial active 4) (2 cores per cpu, 2 threads per core) family 6 model 37 stepping 5 microcode 0x7, cx8, cmov, fxsr, ht, mmx, sse, sse2, sse3, ssse3, sse4.1, sse4.2, popcnt, tsc, tscinvbit, aes, clmul, clflush, rdtscp
Processor Information for the first 4 processors :
  Max Mhz: 3200, Current Mhz: 3200, Mhz Limit: 3200

Memory: 4k page, system-wide physical 8119M (1315M free)
TotalPageFile size 12249M (AvailPageFile size 111M)
current process WorkingSet (physical memory assigned to process): 10M, peak: 10M
current process commit charge ("private bytes"): 51M, peak: 179M

vm_info: OpenJDK 64-Bit Server VM (21.0.7+9-b895.130) for windows-amd64 JRE (21.0.7+9-b895.130), built on 2025-05-13 by "builduser" with MS VC++ 16.10 / 16.11 (VS2019)

END.
